<?xml version="1.0" encoding="UTF-8"?>
<testsuites name="Mocha Tests" time="0.038" tests="3" failures="0">
  <testsuite name="Root Suite" timestamp="2017-11-14T19:40:03" tests="0" failures="0" time="0">
  </testsuite>
  <testsuite name="EventLog" timestamp="2017-11-14T19:40:03" tests="0" file="/Users/raman/workspace/npm-event-logs/test/unit/objects/EventLog.test.js" failures="0" time="0">
  </testsuite>
  <testsuite name=".headers" timestamp="2017-11-14T19:40:03" tests="2" file="/Users/raman/workspace/npm-event-logs/test/unit/objects/EventLog.test.js" failures="0" time="0.007">
    <testcase name="EventLog .headers should include content-type" time="0.005" classname="should include content-type">
    </testcase>
    <testcase name="EventLog .headers should include content-type set to application/json" time="0.002" classname="should include content-type set to application/json">
    </testcase>
  </testsuite>
  <testsuite name="#create" timestamp="2017-11-14T19:40:03" tests="0" file="/Users/raman/workspace/npm-event-logs/test/unit/objects/EventLog.test.js" failures="0" time="0">
  </testsuite>
  <testsuite name="without environment variables" timestamp="2017-11-14T19:40:03" tests="1" file="/Users/raman/workspace/npm-event-logs/test/unit/objects/EventLog.test.js" failures="0" time="0.031">
    <testcase name="EventLog #create without environment variables should throw error" time="0.031" classname="should throw error">
    </testcase>
  </testsuite>
</testsuites>